Load Map - Wed Jun 12 17:33:44 BST 2019

Main class:       RBV2019
Classes:          69
Interfaces:       10
Methods:          218
Constants:        108
Instance fields:  111
Static fields:    47
Static data size: 173
Code size:        11347
Start address:    8000
End address:      ac52

810a 810b java.lang.Object.<init>()
8110 8123 java.lang.Object.getClass()
812d 8141 java.lang.Object.clone()
814b 816f java.lang.Object.toString()
8256 8267 java.lang.Thread.run()
826c 8272 java.lang.Thread.setName(java.lang.String)
8276 82a1 java.lang.Thread.sleep(long)
82a5 82aa java.lang.Thread.<clinit>()
82b8 82be java.lang.Thread.<init>()
82c2 82da java.lang.Thread.<init>(java.lang.Runnable)
82e3 8302 java.lang.Thread.<init>(java.lang.Runnable, java.lang.String)
830c 833c java.lang.Thread.toString()
8341 8346 java.lang.Thread.getName()
83a0 83df com.ridgesoft.intellibrain.StartupThread.run()
842b 8435 java.lang.String.createString(byte[])
8439 8448 java.lang.String.<init>(byte[], int)
844c 845d java.lang.String.<init>()
8461 8476 java.lang.String.<init>(byte[])
847b 8486 java.lang.String.getBytes()
848b 8491 java.lang.String.length()
8496 84b8 java.lang.String.getBytes(int, int, byte[], int)
84bc 84ec java.lang.String.<init>(char[], int, int)
84f0 851a java.lang.String.<init>(byte[], int, int)
851e 8523 java.lang.String.valueOf(java.lang.Object)
8528 852a java.lang.String.toString()
85be 86bc java.lang.Throwable.vmThrow(int)
86c8 86ed java.lang.Throwable.<init>()
86fa 879f java.lang.Throwable.printStackTrace()
87a3 87ca java.lang.Throwable.<clinit>()
87d3 87db java.lang.Throwable.init()
87e7 8829 java.lang.Throwable.<init>(java.lang.String)
88cf 88d9 java.lang.InternalError.<init>()
88dd 88e8 java.lang.InternalError.<init>(java.lang.String)
8917 8921 java.lang.OutOfMemoryError.<init>()
8925 8930 java.lang.OutOfMemoryError.<init>(java.lang.String)
8961 896b java.lang.StackOverflowError.<init>()
896f 897a java.lang.StackOverflowError.<init>(java.lang.String)
8de8 8f60 RBV2019.main(java.lang.String[])
8f64 8fa1 RBV2019.waitState()
8fa5 903f RBV2019.navigateRightState()
9043 90b3 RBV2019.centerState()
90b7 90db RBV2019.putOutState()
90df 910b RBV2019.returnState()
910f 916c RBV2019.navigateLeftState()
9170 91d2 RBV2019.navigateBackState()
91d6 9217 RBV2019.rQuarto3()
921b 925c RBV2019.rQuarto4()
9260 92b2 RBV2019.displayState(int)
92b6 92c6 RBV2019.checkStopButton(int)
92ca 92cf RBV2019.<clinit>()
92d3 92e4 RBV2019.stop()
92e8 932b RBV2019.displayFlameSensorData(int)
932f 934f RBV2019.maneuverToCorrectDirection()
9353 9367 RBV2019.maneuverToExitWhiteCircle()
936b 938b RBV2019.getDistance(com.ridgesoft.robotics.RangeFinder)
938f 93af RBV2019.rotateAngle(int)
93b3 9403 RBV2019.checkBumpers()
9407 941e RBV2019.move(int, int)
9422 944e RBV2019.getFloorTag()
9452 9465 RBV2019.maneuverToReturnBack()
9471 947f RBV2019.wait(int)
9483 94d8 RBV2019.maneuverToGoToNextRoom()
94dc 94f0 RBV2019.rotate(int)
94f4 9518 RBV2019.maneuverPutOut()
954c 9562 java.io.OutputStream.write(byte[])
956c 956d java.io.OutputStream.flush()
9572 9590 java.io.OutputStream.write(byte[], int, int)
95cb 95d5 java.io.FilterOutputStream.<init>(java.io.OutputStream)
95da 95e3 java.io.FilterOutputStream.write(byte[])
95e8 95f1 java.io.FilterOutputStream.write(int)
95f6 95fe java.io.FilterOutputStream.flush()
9603 960e java.io.FilterOutputStream.write(byte[], int, int)
9641 964c java.io.PrintStream.<init>(java.io.OutputStream)
9651 965b java.io.PrintStream.println(java.lang.String)
9668 967f java.io.PrintStream.print(java.lang.String)
968c 96a6 java.io.PrintStream.println()
96e0 96ef com.ridgesoft.io.OutputStreamTee.<init>(java.io.OutputStream, java.io.OutputStream)
9703 971c com.ridgesoft.io.OutputStreamTee.write(byte[])
9730 9749 com.ridgesoft.io.OutputStreamTee.write(int)
975d 9774 com.ridgesoft.io.OutputStreamTee.flush()
9788 97a5 com.ridgesoft.io.OutputStreamTee.write(byte[], int, int)
97f4 9857 com.ridgesoft.io.DisplayOutputStream.<init>(com.ridgesoft.io.Display)
985b 9868 com.ridgesoft.io.DisplayOutputStream.<clinit>()
986d 9876 com.ridgesoft.io.DisplayOutputStream.write(byte[])
987b 98c8 com.ridgesoft.io.DisplayOutputStream.write(int)
98cd 98f9 com.ridgesoft.io.DisplayOutputStream.flush()
98fe 990a com.ridgesoft.io.DisplayOutputStream.write(byte[], int, int)
990e 998c com.ridgesoft.io.DisplayOutputStream.scroll()
99d5 99da com.ridgesoft.vm.DebugOutputStream.<clinit>()
99df 99e8 com.ridgesoft.vm.DebugOutputStream.write(byte[])
99ed 9a36 com.ridgesoft.vm.DebugOutputStream.write(int)
9a43 9a64 com.ridgesoft.vm.DebugOutputStream.flush()
9a69 9a75 com.ridgesoft.vm.DebugOutputStream.write(byte[], int, int)
9a98 9a9c com.ridgesoft.vm.VM.getDebugOutputStream()
9ab4 9ac3 com.ridgesoft.vm.VM.<clinit>()
9ac7 9ad6 com.ridgesoft.vm.VM.isSet(int, int)
9b2c 9b43 com.ridgesoft.intellibrain.IntelliBrain.getOutputStream()
9b47 9b8a com.ridgesoft.intellibrain.IntelliBrain.getServo(int)
9b8e 9c23 com.ridgesoft.intellibrain.IntelliBrain.getDigitalIO(int)
9c27 9c3b com.ridgesoft.intellibrain.IntelliBrain.getLcdDisplay()
9c3f 9cb4 com.ridgesoft.intellibrain.IntelliBrain.getAnalogInput(int)
9cb8 9d02 com.ridgesoft.intellibrain.IntelliBrain.getMotor(int)
9d06 9dc1 com.ridgesoft.intellibrain.IntelliBrain.getPinPortData(byte)
9dc5 9dcc com.ridgesoft.intellibrain.IntelliBrain.<clinit>()
9dd8 9e7e com.ridgesoft.intellibrain.IntelliBrain.initialize()
9eaf 9eb4 java.lang.System.setOut(java.io.PrintStream)
9eb8 9ebd java.lang.System.setErr(java.io.PrintStream)
9f2c 9f40 ContinuousRotationServo.<init>(com.ridgesoft.robotics.Servo, boolean, int)
9f45 9f88 ContinuousRotationServo.setPower(int)
9f8d 9f97 ContinuousRotationServo.stop()
9ffc a00e com.ridgesoft.robotics.SonarRangeFinder.getDistanceCm()
a04a a05e com.ridgesoft.robotics.sensors.ParallaxPing.<init>(com.ridgesoft.robotics.PulseInput)
a063 a072 com.ridgesoft.robotics.sensors.ParallaxPing.ping()
a077 a092 com.ridgesoft.robotics.sensors.ParallaxPing.getEchoDelay()
a0dd a10e com.ridgesoft.intellibrain.IntelliBrainPinPort.setPullUp(boolean)
a112 a121 com.ridgesoft.intellibrain.IntelliBrainPinPort.<init>(com.ridgesoft.intellibrain.IntelliBrainPinPortData)
a1a4 a1f0 com.ridgesoft.intellibrain.IntelliBrainDigitalIO.setDirection(boolean)
a1f4 a204 com.ridgesoft.intellibrain.IntelliBrainDigitalIO.<init>(com.ridgesoft.intellibrain.IntelliBrainPinPortData, boolean)
a209 a242 com.ridgesoft.intellibrain.IntelliBrainDigitalIO.enablePulseMeasurement(boolean)
a247 a272 com.ridgesoft.intellibrain.IntelliBrainDigitalIO.isSet()
a277 a290 com.ridgesoft.intellibrain.IntelliBrainDigitalIO.set()
a295 a2ae com.ridgesoft.intellibrain.IntelliBrainDigitalIO.clear()
a2b8 a2c0 com.ridgesoft.intellibrain.IntelliBrainDigitalIO.toString()
a2c5 a2f0 com.ridgesoft.intellibrain.IntelliBrainDigitalIO.pulse(int)
a2fa a30f com.ridgesoft.intellibrain.IntelliBrainDigitalIO.readPulseDuration()
a357 a363 com.ridgesoft.intellibrain.IntelliBrainExpDigitalIO.<init>(com.ridgesoft.intellibrain.IntelliBrainPinPortData)
a368 a375 com.ridgesoft.intellibrain.IntelliBrainExpDigitalIO.setPullUp(boolean)
a37a a3aa com.ridgesoft.intellibrain.IntelliBrainExpDigitalIO.setDirection(boolean)
a3f9 a400 com.ridgesoft.intellibrain.IntelliBrainAnalogInput.<clinit>()
a405 a410 com.ridgesoft.intellibrain.IntelliBrainAnalogInput.sample()
a414 a41d com.ridgesoft.intellibrain.IntelliBrainAnalogInput.enableAToD()
a421 a445 com.ridgesoft.intellibrain.IntelliBrainAnalogInput.sample(byte)
a44a a452 com.ridgesoft.intellibrain.IntelliBrainAnalogInput.toString()
a49d a4b2 com.ridgesoft.intellibrain.IntelliBrainExpAnalogInput.<init>(com.ridgesoft.intellibrain.IntelliBrainPinPortData, byte, boolean)
a4b7 a4d0 com.ridgesoft.intellibrain.IntelliBrainExpAnalogInput.setPullUp(boolean)
a4d5 a4da com.ridgesoft.intellibrain.IntelliBrainExpAnalogInput.sample()
a4de a4ff com.ridgesoft.intellibrain.IntelliBrainExpAnalogInput.expansionSample(com.ridgesoft.intellibrain.IntelliBrainExpAnalogInput)
a508 a50e com.ridgesoft.intellibrain.IntelliBrainExpAnalogInput.setMuxPortPullUp(boolean)
a5b5 a5db NewWayFlameSensor.<init>(com.ridgesoft.robotics.AnalogInput[], int, int)
a5e0 a629 NewWayFlameSensor.scan()
a62e a633 NewWayFlameSensor.getValue()
a638 a63d NewWayFlameSensor.getDirection()
a67d a682 java.lang.Class.getName()
a686 a690 java.lang.Class.<init>(java.lang.String)
a6f8 a713 java.lang.StringBuilder.<init>(java.lang.String)
a718 a741 java.lang.StringBuilder.append(java.lang.String)
a746 a757 java.lang.StringBuilder.toString()
a75c a795 java.lang.StringBuilder.ensureCapacity(int)
a79a a7f5 java.lang.StringBuilder.append(int)
a7fa a827 java.lang.StringBuilder.append(char[], int, int)
a82b a83d java.lang.StringBuilder.<init>()
a842 a854 java.lang.StringBuilder.append(boolean)
a87b a8bf java.lang.Integer.toHexString(int)
a8c4 a8cc java.lang.Integer.toString()
a8d0 a8df java.lang.Integer.toString(int)
a91b a926 com.ridgesoft.intellibrain.IntelliBrainServo.<init>(int)
a92b a934 com.ridgesoft.intellibrain.IntelliBrainServo.off()
a939 a942 com.ridgesoft.intellibrain.IntelliBrainServo.setPosition(int)
a9f4 a9fe com.ridgesoft.io.Display.print(int, java.lang.String)
aa03 aa08 com.ridgesoft.io.Display.getWidth()
aa0d aa12 com.ridgesoft.io.Display.getHeight()
aa16 aa27 com.ridgesoft.io.Display.<init>(int, int)
aa2c aa60 com.ridgesoft.io.Display.print(int, byte[])
aa9a aaa2 com.ridgesoft.intellibrain.IntelliBrainDisplay.<init>()
aaa7 aaae com.ridgesoft.intellibrain.IntelliBrainDisplay.printChar(int, int, byte)
aaef ab0f com.ridgesoft.intellibrain.IntelliBrainPinPortData.<init>(byte, short, short, short, byte)
abb3 abbe com.ridgesoft.intellibrain.IntelliBrainMotor.<init>(int)
abc3 abe1 com.ridgesoft.intellibrain.IntelliBrainMotor.setPower(int)
abe6 abec com.ridgesoft.intellibrain.IntelliBrainMotor.stop()
ac37 ac46 java.lang.Boolean.toString(boolean)
ac4b ac53 java.lang.Boolean.toString()
